{
  "matricola": "123456",
  "cdl" : "INGEGNERIA INFORMATICA (IFO-L)",
  "nome": "GIANLUIGI",
  "cognome": "DONNARUMMA",
  "dataIscrizione": "29-08-2016"
}