{
  "matricola": "234567",
  "cdl" : "INGEGNERIA ELETTRONICA (WIE-LM)",
  "nome": "ALESSANDRO",
  "cognome" : "BASTONI",
  "dataIscrizione": "24-10-2018"
}