{
  "matricola": "345678",
  "cdl" : "INGEGNERIA INFORMATICA (IFO-L)",
  "nome": "NICCOLO",
  "cognome": "BARELLA",
  "dataIscrizione": "29-07-2019"
}