{
  "matricola": "456789",
  "cdl" : "INGEGNERIA DELLE TELECOMUNICAZIONI (WIT-LM)",
  "nome": "MATTEO",
  "cognome": "POLITANO",
  "dataIscrizione": "25-07-2019"
}