{
  "matricola": "567890",
  "cdl" : "CYBERSECURITY (WCY-LM)",
  "nome": "FRANCESCO",
  "cognome": "ACERBI",
  "dataIscrizione": "17-09-2020"
}