{
  "ELETTROTECNICA": {
    "VOTO": "26 ",
    "PESO": 6
  },
  "RETI LOGICHE": {
    "VOTO": "22 ",
    "PESO": 9
  },
  "ANALISI MATEMATICA I": {
    "VOTO": "24 ",
    "PESO": 12
  },
  "SISTEMI OPERATIVI": {
    "VOTO": "25 ",
    "PESO": 9
  },
  "PROGETTAZIONE WEB": {
    "VOTO": "30 ",
    "PESO": 6
  },
  "CRITTOGRAFIA": {
    "VOTO": "23 ",
    "PESO": 6
  },
  "ALGEBRA LINEARE E ANALISI MATEMATICA II": {
    "VOTO": "25 ",
    "PESO": 12
  },
  "RICERCA OPERATIVA": {
    "VOTO": "19 ",
    "PESO": 9
  },
  "CLOUD E GREEN COMPUTING": {
    "VOTO": "25 ",
    "PESO": 6
  },
  "CALCOLO NUMERICO": {
    "VOTO": "20 ",
    "PESO": 6
  },
  "CALCOLATORI ELETTRONICI": {
    "VOTO": "21 ",
    "PESO": 9
  },
  "BASI DI DATI": {
    "VOTO": "23 ",
    "PESO": 6
  },
  "FONDAMENTI DI AUTOMATICA": {
    "VOTO": "26 ",
    "PESO": 9
  },
  "ALGORITMI E STRUTTURE DATI": {
    "VOTO": "21 ",
    "PESO": 6
  },
  "ECONOMIA E ORGANIZZAZIONE AZIENDALE": {
    "VOTO": "24 ",
    "PESO": 6
  },
  "FONDAMENTI DI PROGRAMMAZIONE II": {
    "VOTO": "23 ",
    "PESO": 9
  },
  "ELETTRONICA DIGITALE": {
    "VOTO": "28 ",
    "PESO": 9
  },
  "FONDAMENTI DI PROGRAMMAZIONE I": {
    "VOTO": "21 ",
    "PESO": 3
  },
  "FISICA GENERALE I": {
    "VOTO": "21 ",
    "PESO": 12
  },
  "COMUNICAZIONI NUMERICHE": {
    "VOTO": "23 ",
    "PESO": 9
  },
  "INGEGNERIA DEL SOFTWARE": {
    "VOTO": "24 ",
    "PESO": 6
  },
  "RETI INFORMATICHE": {
    "VOTO": "26 ",
    "PESO": 9
  }
}
