{
  "CIRCUITI E DISPOSITIVI OTTICI E A MICROONDE": {
    "VOTO": "30  e lode",
    "PESO": 6
  },
  "ELABORAZIONE E TRASMISSIONE DELLE IMMAGINI": {
    "VOTO": "30  e lode",
    "PESO": 6
  },
  "SICUREZZA NELLE RETI": {
    "VOTO": "30  e lode",
    "PESO": 6
  },
  "METODI E TECNOLOGIE PER IL TELERILEVAMENTO": {
    "VOTO": "30  e lode",
    "PESO": 6
  },
  "MICROELETTRONICA PER LE TELECOMUNICAZIONI": {
    "VOTO": "30  e lode",
    "PESO": 6
  },
  "TEORIA DELLA DECISIONE E DELLA STIMA": {
    "VOTO": "30  e lode",
    "PESO": 6
  },
  "COMUNICAZIONI ELETTRICHE": {
    "VOTO": "29 ",
    "PESO": 9
  },
  "TECNOLOGIE E DISPOSITIVI PER SISTEMI WIRELESS": {
    "VOTO": "30  e lode",
    "PESO": 6
  },
  "COMUNICAZIONI WIRELESS": {
    "VOTO": "30  e lode",
    "PESO": 6
  },
  "COMUNICAZIONI DIGITALI": {
    "VOTO": "30  e lode",
    "PESO": 12
  },
  "INGEGNERIA DEL TELETRAFFICO": {
    "VOTO": "30  e lode",
    "PESO": 9
  },
  "FONDAMENTI DI RADAR": {
    "VOTO": "30  e lode",
    "PESO": 9
  },
  "ANTENNE E PROPAGAZIONE": {
    "VOTO": "30  e lode",
    "PESO": 9
  }
}
